// Jest Snapshot v1, https://goo.gl/fbAQLP

exports[`<NavigationItems /> should render always 1`] = `ShallowWrapper {}`;
