// Jest Snapshot v1, https://goo.gl/fbAQLP

exports[`<ToggleButton />  should render always 1`] = `ShallowWrapper {}`;
